Component: ARM Compiler 5.06 update 6 (build 750) Tool: armlink [4d35ed]

==============================================================================

Section Cross References

    os.o(i.Add_Thread) refers to h1_alloc.o(.text) for malloc
    os.o(i.Add_Thread) refers to os.o(.data) for RunB
    os.o(i.Dispatcher) refers to os.o(.data) for RunB
    os.o(i.OS_Fire) refers to os_1.o(.text) for Enter_Critical_Section
    os.o(i.OS_Fire) refers to systemtick.o(i.Systick_Fire) for Systick_Fire
    os.o(i.OS_Init) refers to os_1.o(.text) for Enter_Critical_Section
    os.o(i.OS_Init) refers to systemtick.o(i.Systick_Init) for Systick_Init
    os.o(i.OS_Init) refers to os.o(.data) for RunB
    os.o(i.OS_Suspend) refers to os_1.o(.text) for Enter_Critical_Section
    os.o(i.Remove_Thread) refers to h1_free.o(.text) for free
    os.o(i.Remove_Thread) refers to os.o(.data) for RunB
    os_1.o(.text) refers to os.o(i.Dispatcher) for Dispatcher
    os_1.o(.text) refers to os.o(.data) for RunB
    app.o(i.Task1) refers to os.o(i.OS_Suspend) for OS_Suspend
    app.o(i.Task1) refers to app.o(.data) for TH1
    app.o(i.Task2) refers to os.o(i.OS_Suspend) for OS_Suspend
    app.o(i.Task2) refers to app.o(.data) for TH2
    app.o(i.Task3) refers to os.o(i.OS_Suspend) for OS_Suspend
    app.o(i.Task3) refers to app.o(.data) for TH3
    app.o(i.main) refers to os.o(i.OS_Init) for OS_Init
    app.o(i.main) refers to os.o(i.Add_Thread) for Add_Thread
    app.o(i.main) refers to os.o(i.OS_Fire) for OS_Fire
    app.o(i.main) refers to app.o(i.Task1) for Task1
    app.o(i.main) refers to app.o(i.Task2) for Task2
    app.o(i.main) refers to app.o(i.Task3) for Task3
    startup_tm4c123.o(STACK) refers (Special) to heapauxi.o(.text) for __use_two_region_memory
    startup_tm4c123.o(HEAP) refers (Special) to heapauxi.o(.text) for __use_two_region_memory
    startup_tm4c123.o(RESET) refers (Special) to heapauxi.o(.text) for __use_two_region_memory
    startup_tm4c123.o(RESET) refers to startup_tm4c123.o(STACK) for __initial_sp
    startup_tm4c123.o(RESET) refers to startup_tm4c123.o(.text) for Reset_Handler
    startup_tm4c123.o(RESET) refers to os_1.o(.text) for SysTick_Handler
    startup_tm4c123.o(.text) refers (Special) to heapauxi.o(.text) for __use_two_region_memory
    startup_tm4c123.o(.text) refers to system_tm4c123.o(i.SystemInit) for SystemInit
    startup_tm4c123.o(.text) refers to __main.o(!!!main) for __main
    startup_tm4c123.o(.text) refers to startup_tm4c123.o(HEAP) for Heap_Mem
    startup_tm4c123.o(.text) refers to startup_tm4c123.o(STACK) for Stack_Mem
    system_tm4c123.o(i.SystemCoreClockUpdate) refers to system_tm4c123.o(i.getOscClk) for getOscClk
    system_tm4c123.o(i.SystemCoreClockUpdate) refers to system_tm4c123.o(.data) for SystemCoreClock
    malloc.o(.text) refers (Special) to hguard.o(.text) for __heap$guard
    malloc.o(.text) refers (Special) to init_alloc.o(.text) for _init_alloc
    malloc.o(.text) refers to rt_heap_descriptor_intlibspace.o(.text) for __rt_heap_descriptor
    malloc.o(.text) refers to heapstubs.o(.text) for __Heap_Alloc
    free.o(.text) refers (Special) to hguard.o(.text) for __heap$guard
    free.o(.text) refers to rt_heap_descriptor_intlibspace.o(.text) for __rt_heap_descriptor
    free.o(.text) refers to heapstubs.o(.text) for __Heap_Free
    h1_alloc.o(.text) refers (Special) to h1_init.o(.text) for __Heap_Initialize
    h1_alloc.o(.text) refers to rt_heap_descriptor_intlibspace.o(.text) for __rt_heap_descriptor
    h1_alloc.o(.text) refers to init_alloc.o(.text) for __Heap_Full
    h1_free.o(.text) refers to rt_heap_descriptor_intlibspace.o(.text) for __rt_heap_descriptor
    h1_alloc_mt.o(.text) refers (Special) to h1_init.o(.text) for __Heap_Initialize
    h1_alloc_mt.o(.text) refers to init_alloc.o(.text) for __Heap_Full
    h1_alloc_mt.o(.text) refers to rt_heap_descriptor_intlibspace.o(.text) for __rt_heap_descriptor
    h1_free_mt.o(.text) refers to rt_heap_descriptor_intlibspace.o(.text) for __rt_heap_descriptor
    heap2.o(i._FDIterate) refers to heap2.o(.conststring) for .conststring
    heap2.o(i.___Heap_ProvideMemory$realtime) refers to fdtree.o(i._FDTree_Delete) for _FDTree_Delete
    heap2.o(i.___Heap_ProvideMemory$realtime) refers to fdtree.o(i._FDTree_Insert) for _FDTree_Insert
    heap2.o(i.___Heap_Stats$realtime) refers to heap2.o(i._Heap2_StatsIterate) for _Heap2_StatsIterate
    heap2.o(i.___Heap_Valid$realtime) refers to heap2.o(i._FDIterate) for _FDIterate
    heap2.o(i.___Heap_Valid$realtime) refers to heap2.o(.conststring) for .conststring
    heap2.o(i._free$realtime) refers to rt_heap_descriptor_intlibspace.o(.text) for __rt_heap_descriptor
    heap2.o(i._free$realtime) refers to fdtree.o(i._FDTree_Delete) for _FDTree_Delete
    heap2.o(i._free$realtime) refers to fdtree.o(i._FDTree_Insert) for _FDTree_Insert
    heap2.o(i._malloc$realtime) refers to rt_heap_descriptor_intlibspace.o(.text) for __rt_heap_descriptor
    heap2.o(i._malloc$realtime) refers to fdtree.o(i._FDTree_FindFirst) for _FDTree_FindFirst
    heap2.o(i._malloc$realtime) refers to init_alloc.o(.text) for __Heap_Full
    heap2.o(i._malloc$realtime) refers to fdtree.o(i._FDTree_RemoveNode) for _FDTree_RemoveNode
    heap2.o(i._malloc$realtime) refers to fdtree.o(i._FDTree_Insert) for _FDTree_Insert
    heap2.o(i._posix_memalign$realtime) refers to rt_heap_descriptor_intlibspace.o(.text) for __rt_heap_descriptor
    heap2.o(i._posix_memalign$realtime) refers to fdtree.o(i._FDTree_FindFirst) for _FDTree_FindFirst
    heap2.o(i._posix_memalign$realtime) refers to init_alloc.o(.text) for __Heap_Full
    heap2.o(i._posix_memalign$realtime) refers to fdtree.o(i._FDTree_RemoveNode) for _FDTree_RemoveNode
    heap2.o(i._posix_memalign$realtime) refers to fdtree.o(i._FDTree_Insert) for _FDTree_Insert
    heap2.o(i._realloc$realtime) refers to rt_heap_descriptor_intlibspace.o(.text) for __rt_heap_descriptor
    heap2.o(i._realloc$realtime) refers to fdtree.o(i._FDTree_Insert) for _FDTree_Insert
    heap2.o(i._realloc$realtime) refers to h1_free.o(.text) for free
    heap2.o(i._realloc$realtime) refers to h1_alloc.o(.text) for malloc
    heap2.o(i._realloc$realtime) refers to fdtree.o(i._FDTree_Delete) for _FDTree_Delete
    heap2.o(i._realloc$realtime) refers to rt_memcpy_w.o(.text) for __aeabi_memcpy4
    heap2mt.o(i._FDIterate) refers to heap2mt.o(.conststring) for .conststring
    heap2mt.o(i.___Heap_Initialize$realtime$concurrent) refers to mutex_dummy.o(.text) for _mutex_initialize
    heap2mt.o(i.___Heap_ProvideMemory$realtime$concurrent) refers to fdtree.o(i._FDTree_Delete) for _FDTree_Delete
    heap2mt.o(i.___Heap_ProvideMemory$realtime$concurrent) refers to fdtree.o(i._FDTree_Insert) for _FDTree_Insert
    heap2mt.o(i.___Heap_Stats$realtime$concurrent) refers to heap2mt.o(i._Heap2_StatsIterate) for _Heap2_StatsIterate
    heap2mt.o(i.___Heap_Valid$realtime$concurrent) refers to heap2mt.o(i._FDIterate) for _FDIterate
    heap2mt.o(i.___Heap_Valid$realtime$concurrent) refers to heap2mt.o(.conststring) for .conststring
    heap2mt.o(i._free$realtime$concurrent) refers to rt_heap_descriptor_intlibspace.o(.text) for __rt_heap_descriptor
    heap2mt.o(i._free$realtime$concurrent) refers to fdtree.o(i._FDTree_Delete) for _FDTree_Delete
    heap2mt.o(i._free$realtime$concurrent) refers to fdtree.o(i._FDTree_Insert) for _FDTree_Insert
    heap2mt.o(i._malloc$realtime$concurrent) refers to rt_heap_descriptor_intlibspace.o(.text) for __rt_heap_descriptor
    heap2mt.o(i._malloc$realtime$concurrent) refers to fdtree.o(i._FDTree_FindFirst) for _FDTree_FindFirst
    heap2mt.o(i._malloc$realtime$concurrent) refers to init_alloc.o(.text) for __Heap_Full
    heap2mt.o(i._malloc$realtime$concurrent) refers to fdtree.o(i._FDTree_RemoveNode) for _FDTree_RemoveNode
    heap2mt.o(i._malloc$realtime$concurrent) refers to fdtree.o(i._FDTree_Insert) for _FDTree_Insert
    heap2mt.o(i._posix_memalign$realtime$concurrent) refers to rt_heap_descriptor_intlibspace.o(.text) for __rt_heap_descriptor
    heap2mt.o(i._posix_memalign$realtime$concurrent) refers to fdtree.o(i._FDTree_FindFirst) for _FDTree_FindFirst
    heap2mt.o(i._posix_memalign$realtime$concurrent) refers to init_alloc.o(.text) for __Heap_Full
    heap2mt.o(i._posix_memalign$realtime$concurrent) refers to fdtree.o(i._FDTree_RemoveNode) for _FDTree_RemoveNode
    heap2mt.o(i._posix_memalign$realtime$concurrent) refers to fdtree.o(i._FDTree_Insert) for _FDTree_Insert
    heap2mt.o(i._realloc$realtime$concurrent) refers to rt_heap_descriptor_intlibspace.o(.text) for __rt_heap_descriptor
    heap2mt.o(i._realloc$realtime$concurrent) refers to fdtree.o(i._FDTree_Insert) for _FDTree_Insert
    heap2mt.o(i._realloc$realtime$concurrent) refers to h1_free.o(.text) for free
    heap2mt.o(i._realloc$realtime$concurrent) refers to h1_alloc.o(.text) for malloc
    heap2mt.o(i._realloc$realtime$concurrent) refers to fdtree.o(i._FDTree_Delete) for _FDTree_Delete
    heap2mt.o(i._realloc$realtime$concurrent) refers to rt_memcpy_w.o(.text) for __aeabi_memcpy4
    __main.o(!!!main) refers to __rtentry.o(.ARM.Collect$$rtentry$$00000000) for __rt_entry
    __rtentry.o(.ARM.Collect$$rtentry$$00000000) refers (Special) to __rtentry2.o(.ARM.Collect$$rtentry$$0000000A) for __rt_entry_li
    __rtentry.o(.ARM.Collect$$rtentry$$00000000) refers (Special) to __rtentry2.o(.ARM.Collect$$rtentry$$0000000D) for __rt_entry_main
    __rtentry.o(.ARM.Collect$$rtentry$$00000000) refers (Special) to __rtentry2.o(.ARM.Collect$$rtentry$$0000000C) for __rt_entry_postli_1
    __rtentry.o(.ARM.Collect$$rtentry$$00000000) refers (Special) to __rtentry2.o(.ARM.Collect$$rtentry$$00000009) for __rt_entry_postsh_1
    __rtentry.o(.ARM.Collect$$rtentry$$00000000) refers (Special) to __rtentry2.o(.ARM.Collect$$rtentry$$00000002) for __rt_entry_presh_1
    __rtentry.o(.ARM.Collect$$rtentry$$00000000) refers (Special) to __rtentry4.o(.ARM.Collect$$rtentry$$00000004) for __rt_entry_sh
    rt_heap_descriptor.o(.text) refers to rt_heap_descriptor.o(.bss) for __rt_heap_descriptor_data
    rt_heap_descriptor_intlibspace.o(.text) refers to libspace.o(.bss) for __libspace_start
    init_alloc.o(.text) refers (Special) to hguard.o(.text) for __heap$guard
    init_alloc.o(.text) refers (Special) to libinit2.o(.ARM.Collect$$libinit$$00000005) for __rt_lib_init_heap_2
    init_alloc.o(.text) refers (Special) to maybetermalloc1.o(.emb_text) for _maybe_terminate_alloc
    init_alloc.o(.text) refers to h1_extend.o(.text) for __Heap_ProvideMemory
    init_alloc.o(.text) refers to defsig_rtmem_outer.o(.text) for __rt_SIGRTMEM
    init_alloc.o(.text) refers to rt_heap_descriptor_intlibspace.o(.text) for __rt_heap_descriptor
    init_alloc.o(.text) refers to h1_init.o(.text) for __Heap_Initialize
    h1_init_mt.o(.text) refers to mutex_dummy.o(.text) for _mutex_initialize
    _get_argv.o(.text) refers (Special) to hrguard.o(.text) for __heap_region$guard
    _get_argv.o(.text) refers to h1_alloc.o(.text) for malloc
    _get_argv.o(.text) refers to defsig_rtmem_outer.o(.text) for __rt_SIGRTMEM
    _get_argv.o(.text) refers to sys_command.o(.text) for _sys_command_string
    libinit2.o(.ARM.Collect$$libinit$$00000001) refers to fpinit.o(x$fpl$fpinit) for _fp_init
    libinit2.o(.ARM.Collect$$libinit$$00000005) refers (Weak) to init_alloc.o(.text) for _init_alloc
    libinit2.o(.ARM.Collect$$libinit$$00000010) refers to libinit2.o(.ARM.Collect$$libinit$$0000000F) for .ARM.Collect$$libinit$$0000000F
    libinit2.o(.ARM.Collect$$libinit$$00000012) refers to libinit2.o(.ARM.Collect$$libinit$$0000000F) for .ARM.Collect$$libinit$$0000000F
    libinit2.o(.ARM.Collect$$libinit$$00000014) refers to libinit2.o(.ARM.Collect$$libinit$$0000000F) for .ARM.Collect$$libinit$$0000000F
    libinit2.o(.ARM.Collect$$libinit$$00000016) refers to libinit2.o(.ARM.Collect$$libinit$$0000000F) for .ARM.Collect$$libinit$$0000000F
    libinit2.o(.ARM.Collect$$libinit$$00000018) refers to libinit2.o(.ARM.Collect$$libinit$$0000000F) for .ARM.Collect$$libinit$$0000000F
    libinit2.o(.ARM.Collect$$libinit$$00000026) refers to argv_veneer.o(.emb_text) for __ARM_argv_veneer
    libinit2.o(.ARM.Collect$$libinit$$00000027) refers to argv_veneer.o(.emb_text) for __ARM_argv_veneer
    sys_command.o(.text) refers (Special) to use_no_semi.o(.text) for __I$use$semihosting
    sys_command.o(.text) refers (Special) to indicate_semi.o(.text) for __semihosting_library_function
    libspace.o(.text) refers to libspace.o(.bss) for __libspace_start
    __rtentry2.o(.ARM.Collect$$rtentry$$00000008) refers to boardinit2.o(.text) for _platform_post_stackheap_init
    __rtentry2.o(.ARM.Collect$$rtentry$$0000000A) refers to libinit.o(.ARM.Collect$$libinit$$00000000) for __rt_lib_init
    __rtentry2.o(.ARM.Collect$$rtentry$$0000000B) refers to boardinit3.o(.text) for _platform_post_lib_init
    __rtentry2.o(.ARM.Collect$$rtentry$$0000000D) refers to app.o(i.main) for main
    __rtentry2.o(.ARM.Collect$$rtentry$$0000000D) refers to exit.o(.text) for exit
    __rtentry2.o(.ARM.exidx) refers to __rtentry2.o(.ARM.Collect$$rtentry$$00000001) for .ARM.Collect$$rtentry$$00000001
    __rtentry2.o(.ARM.exidx) refers to __rtentry2.o(.ARM.Collect$$rtentry$$00000008) for .ARM.Collect$$rtentry$$00000008
    __rtentry2.o(.ARM.exidx) refers to __rtentry2.o(.ARM.Collect$$rtentry$$0000000A) for .ARM.Collect$$rtentry$$0000000A
    __rtentry2.o(.ARM.exidx) refers to __rtentry2.o(.ARM.Collect$$rtentry$$0000000B) for .ARM.Collect$$rtentry$$0000000B
    __rtentry2.o(.ARM.exidx) refers to __rtentry2.o(.ARM.Collect$$rtentry$$0000000D) for .ARM.Collect$$rtentry$$0000000D
    __rtentry4.o(.ARM.Collect$$rtentry$$00000004) refers to sys_stackheap_outer.o(.text) for __user_setup_stackheap
    __rtentry4.o(.ARM.exidx) refers to __rtentry4.o(.ARM.Collect$$rtentry$$00000004) for .ARM.Collect$$rtentry$$00000004
    maybetermalloc2.o(.emb_text) refers (Special) to term_alloc.o(.text) for _terminate_alloc
    h1_extend.o(.text) refers to h1_free.o(.text) for free
    h1_extend_mt.o(.text) refers to h1_free_mt.o(.text) for _free_internal
    defsig_rtmem_outer.o(.text) refers to defsig_rtmem_inner.o(.text) for __rt_SIGRTMEM_inner
    defsig_rtmem_outer.o(.text) refers to defsig_exit.o(.text) for __sig_exit
    defsig_rtmem_formal.o(.text) refers to rt_raise.o(.text) for __rt_raise
    heapauxa.o(.text) refers to heapauxa.o(.data) for .data
    argv_veneer.o(.emb_text) refers to no_argv.o(.text) for __ARM_get_argv
    sys_stackheap_outer.o(.text) refers to libspace.o(.text) for __user_perproc_libspace
    sys_stackheap_outer.o(.text) refers to startup_tm4c123.o(.text) for __user_initial_stackheap
    rt_raise.o(.text) refers to __raise.o(.text) for __raise
    rt_raise.o(.text) refers to sys_exit.o(.text) for _sys_exit
    term_alloc.o(.text) refers (Special) to libshutdown2.o(.ARM.Collect$$libshutdown$$0000000E) for __rt_lib_shutdown_heap_2
    term_alloc.o(.text) refers to rt_heap_descriptor_intlibspace.o(.text) for __rt_heap_descriptor
    term_alloc.o(.text) refers to h1_final.o(.text) for __Heap_Finalize
    exit.o(.text) refers to rtexit.o(.ARM.Collect$$rtexit$$00000000) for __rt_exit
    defsig_exit.o(.text) refers to sys_exit.o(.text) for _sys_exit
    defsig_rtmem_inner.o(.text) refers to defsig_general.o(.text) for __default_signal_display
    _get_argv_nomalloc.o(.text) refers (Special) to hrguard.o(.text) for __heap_region$guard
    _get_argv_nomalloc.o(.text) refers to defsig_rtmem_outer.o(.text) for __rt_SIGRTMEM
    _get_argv_nomalloc.o(.text) refers to sys_command.o(.text) for _sys_command_string
    libinit.o(.ARM.Collect$$libinit$$00000000) refers (Special) to libinit2.o(.ARM.Collect$$libinit$$0000002E) for __rt_lib_init_alloca_1
    libinit.o(.ARM.Collect$$libinit$$00000000) refers (Special) to libinit2.o(.ARM.Collect$$libinit$$0000002C) for __rt_lib_init_argv_1
    libinit.o(.ARM.Collect$$libinit$$00000000) refers (Special) to libinit2.o(.ARM.Collect$$libinit$$0000001B) for __rt_lib_init_atexit_1
    libinit.o(.ARM.Collect$$libinit$$00000000) refers (Special) to libinit2.o(.ARM.Collect$$libinit$$00000021) for __rt_lib_init_clock_1
    libinit.o(.ARM.Collect$$libinit$$00000000) refers (Special) to libinit2.o(.ARM.Collect$$libinit$$00000032) for __rt_lib_init_cpp_1
    libinit.o(.ARM.Collect$$libinit$$00000000) refers (Special) to libinit2.o(.ARM.Collect$$libinit$$00000030) for __rt_lib_init_exceptions_1
    libinit.o(.ARM.Collect$$libinit$$00000000) refers (Special) to libinit2.o(.ARM.Collect$$libinit$$00000001) for __rt_lib_init_fp_1
    libinit.o(.ARM.Collect$$libinit$$00000000) refers (Special) to libinit2.o(.ARM.Collect$$libinit$$0000001F) for __rt_lib_init_fp_trap_1
    libinit.o(.ARM.Collect$$libinit$$00000000) refers (Special) to libinit2.o(.ARM.Collect$$libinit$$00000023) for __rt_lib_init_getenv_1
    libinit.o(.ARM.Collect$$libinit$$00000000) refers (Special) to libinit2.o(.ARM.Collect$$libinit$$0000000A) for __rt_lib_init_heap_1
    libinit.o(.ARM.Collect$$libinit$$00000000) refers (Special) to libinit2.o(.ARM.Collect$$libinit$$00000011) for __rt_lib_init_lc_collate_1
    libinit.o(.ARM.Collect$$libinit$$00000000) refers (Special) to libinit2.o(.ARM.Collect$$libinit$$00000013) for __rt_lib_init_lc_ctype_1
    libinit.o(.ARM.Collect$$libinit$$00000000) refers (Special) to libinit2.o(.ARM.Collect$$libinit$$00000015) for __rt_lib_init_lc_monetary_1
    libinit.o(.ARM.Collect$$libinit$$00000000) refers (Special) to libinit2.o(.ARM.Collect$$libinit$$00000017) for __rt_lib_init_lc_numeric_1
    libinit.o(.ARM.Collect$$libinit$$00000000) refers (Special) to libinit2.o(.ARM.Collect$$libinit$$00000019) for __rt_lib_init_lc_time_1
    libinit.o(.ARM.Collect$$libinit$$00000000) refers (Special) to libinit2.o(.ARM.Collect$$libinit$$00000004) for __rt_lib_init_preinit_1
    libinit.o(.ARM.Collect$$libinit$$00000000) refers (Special) to libinit2.o(.ARM.Collect$$libinit$$0000000E) for __rt_lib_init_rand_1
    libinit.o(.ARM.Collect$$libinit$$00000000) refers (Special) to libinit2.o(.ARM.Collect$$libinit$$00000033) for __rt_lib_init_return
    libinit.o(.ARM.Collect$$libinit$$00000000) refers (Special) to libinit2.o(.ARM.Collect$$libinit$$0000001D) for __rt_lib_init_signal_1
    libinit.o(.ARM.Collect$$libinit$$00000000) refers (Special) to libinit2.o(.ARM.Collect$$libinit$$00000025) for __rt_lib_init_stdio_1
    libinit.o(.ARM.Collect$$libinit$$00000000) refers (Special) to libinit2.o(.ARM.Collect$$libinit$$0000000C) for __rt_lib_init_user_alloc_1
    sys_exit.o(.text) refers (Special) to use_no_semi.o(.text) for __I$use$semihosting
    sys_exit.o(.text) refers (Special) to indicate_semi.o(.text) for __semihosting_library_function
    rtexit.o(.ARM.Collect$$rtexit$$00000000) refers (Special) to rtexit2.o(.ARM.Collect$$rtexit$$00000004) for __rt_exit_exit
    rtexit.o(.ARM.Collect$$rtexit$$00000000) refers (Special) to rtexit2.o(.ARM.Collect$$rtexit$$00000003) for __rt_exit_ls
    rtexit.o(.ARM.Collect$$rtexit$$00000000) refers (Special) to rtexit2.o(.ARM.Collect$$rtexit$$00000002) for __rt_exit_prels_1
    rtexit.o(.ARM.exidx) refers (Special) to rtexit2.o(.ARM.Collect$$rtexit$$00000004) for __rt_exit_exit
    rtexit.o(.ARM.exidx) refers (Special) to rtexit2.o(.ARM.Collect$$rtexit$$00000003) for __rt_exit_ls
    rtexit.o(.ARM.exidx) refers (Special) to rtexit2.o(.ARM.Collect$$rtexit$$00000002) for __rt_exit_prels_1
    rtexit.o(.ARM.exidx) refers to rtexit.o(.ARM.Collect$$rtexit$$00000000) for .ARM.Collect$$rtexit$$00000000
    __raise.o(.text) refers to defsig.o(CL$$defsig) for __default_signal_handler
    defsig_general.o(.text) refers to sys_wrch.o(.text) for _ttywrch
    libshutdown2.o(.ARM.Collect$$libshutdown$$0000000D) refers (Weak) to term_alloc.o(.text) for _terminate_alloc
    sys_wrch.o(.text) refers (Special) to use_no_semi.o(.text) for __I$use$semihosting
    sys_wrch.o(.text) refers (Special) to indicate_semi.o(.text) for __semihosting_library_function
    rtexit2.o(.ARM.Collect$$rtexit$$00000003) refers to libshutdown.o(.ARM.Collect$$libshutdown$$00000000) for __rt_lib_shutdown
    rtexit2.o(.ARM.Collect$$rtexit$$00000004) refers to sys_exit.o(.text) for _sys_exit
    rtexit2.o(.ARM.exidx) refers to rtexit2.o(.ARM.Collect$$rtexit$$00000001) for .ARM.Collect$$rtexit$$00000001
    rtexit2.o(.ARM.exidx) refers to rtexit2.o(.ARM.Collect$$rtexit$$00000003) for .ARM.Collect$$rtexit$$00000003
    rtexit2.o(.ARM.exidx) refers to rtexit2.o(.ARM.Collect$$rtexit$$00000004) for .ARM.Collect$$rtexit$$00000004
    defsig.o(CL$$defsig) refers to defsig_rtmem_inner.o(.text) for __rt_SIGRTMEM_inner
    defsig_abrt_inner.o(.text) refers to defsig_general.o(.text) for __default_signal_display
    defsig_fpe_inner.o(.text) refers to defsig_general.o(.text) for __default_signal_display
    defsig_rtred_inner.o(.text) refers to defsig_general.o(.text) for __default_signal_display
    defsig_stak_inner.o(.text) refers to defsig_general.o(.text) for __default_signal_display
    defsig_pvfn_inner.o(.text) refers to defsig_general.o(.text) for __default_signal_display
    defsig_cppl_inner.o(.text) refers to defsig_general.o(.text) for __default_signal_display
    defsig_segv_inner.o(.text) refers to defsig_general.o(.text) for __default_signal_display
    defsig_other.o(.text) refers to defsig_general.o(.text) for __default_signal_display
    libshutdown.o(.ARM.Collect$$libshutdown$$00000000) refers (Special) to libshutdown2.o(.ARM.Collect$$libshutdown$$00000002) for __rt_lib_shutdown_cpp_1
    libshutdown.o(.ARM.Collect$$libshutdown$$00000000) refers (Special) to libshutdown2.o(.ARM.Collect$$libshutdown$$00000007) for __rt_lib_shutdown_fp_trap_1
    libshutdown.o(.ARM.Collect$$libshutdown$$00000000) refers (Special) to libshutdown2.o(.ARM.Collect$$libshutdown$$0000000F) for __rt_lib_shutdown_heap_1
    libshutdown.o(.ARM.Collect$$libshutdown$$00000000) refers (Special) to libshutdown2.o(.ARM.Collect$$libshutdown$$00000010) for __rt_lib_shutdown_return
    libshutdown.o(.ARM.Collect$$libshutdown$$00000000) refers (Special) to libshutdown2.o(.ARM.Collect$$libshutdown$$0000000A) for __rt_lib_shutdown_signal_1
    libshutdown.o(.ARM.Collect$$libshutdown$$00000000) refers (Special) to libshutdown2.o(.ARM.Collect$$libshutdown$$00000004) for __rt_lib_shutdown_stdio_1
    libshutdown.o(.ARM.Collect$$libshutdown$$00000000) refers (Special) to libshutdown2.o(.ARM.Collect$$libshutdown$$0000000C) for __rt_lib_shutdown_user_alloc_1


==============================================================================

Removing Unused input sections from the image.

    Removing os.o(i.Remove_Thread), (184 bytes).
    Removing system_tm4c123.o(.rev16_text), (4 bytes).
    Removing system_tm4c123.o(.revsh_text), (4 bytes).
    Removing system_tm4c123.o(i.SystemCoreClockUpdate), (196 bytes).
    Removing system_tm4c123.o(i.getOscClk), (244 bytes).
    Removing system_tm4c123.o(.data), (4 bytes).

6 unused section(s) (total 636 bytes) removed from the image.

==============================================================================

Image Symbol Table

    Local Symbols

    Symbol Name                              Value     Ov Type        Size  Object(Section)

    RESET                                    0x00000000   Section      620  startup_tm4c123.o(RESET)
    ../clib/angel/boardlib.s                 0x00000000   Number         0  boardinit1.o ABSOLUTE
    ../clib/angel/boardlib.s                 0x00000000   Number         0  boardinit2.o ABSOLUTE
    ../clib/angel/boardlib.s                 0x00000000   Number         0  boardshut.o ABSOLUTE
    ../clib/angel/boardlib.s                 0x00000000   Number         0  boardinit3.o ABSOLUTE
    ../clib/angel/handlers.s                 0x00000000   Number         0  __scatter_zi.o ABSOLUTE
    ../clib/angel/handlers.s                 0x00000000   Number         0  __scatter_copy.o ABSOLUTE
    ../clib/angel/kernel.s                   0x00000000   Number         0  rtexit.o ABSOLUTE
    ../clib/angel/kernel.s                   0x00000000   Number         0  __rtentry.o ABSOLUTE
    ../clib/angel/kernel.s                   0x00000000   Number         0  rtexit2.o ABSOLUTE
    ../clib/angel/kernel.s                   0x00000000   Number         0  __rtentry4.o ABSOLUTE
    ../clib/angel/kernel.s                   0x00000000   Number         0  __rtentry2.o ABSOLUTE
    ../clib/angel/rt.s                       0x00000000   Number         0  rt_heap_descriptor_intlibspace.o ABSOLUTE
    ../clib/angel/rt.s                       0x00000000   Number         0  rt_heap_descriptor.o ABSOLUTE
    ../clib/angel/rt.s                       0x00000000   Number         0  rt_raise.o ABSOLUTE
    ../clib/angel/scatter.s                  0x00000000   Number         0  __scatter.o ABSOLUTE
    ../clib/angel/startup.s                  0x00000000   Number         0  __main.o ABSOLUTE
    ../clib/angel/sys.s                      0x00000000   Number         0  sys_stackheap_outer.o ABSOLUTE
    ../clib/angel/sys.s                      0x00000000   Number         0  indicate_semi.o ABSOLUTE
    ../clib/angel/sys.s                      0x00000000   Number         0  use_no_semi.o ABSOLUTE
    ../clib/angel/sys.s                      0x00000000   Number         0  libspace.o ABSOLUTE
    ../clib/angel/sys.s                      0x00000000   Number         0  mutex_dummy.o ABSOLUTE
    ../clib/angel/sysapp.c                   0x00000000   Number         0  sys_exit.o ABSOLUTE
    ../clib/angel/sysapp.c                   0x00000000   Number         0  sys_wrch.o ABSOLUTE
    ../clib/angel/sysapp.c                   0x00000000   Number         0  sys_command.o ABSOLUTE
    ../clib/armsys.c                         0x00000000   Number         0  no_argv.o ABSOLUTE
    ../clib/armsys.c                         0x00000000   Number         0  argv_veneer.o ABSOLUTE
    ../clib/armsys.c                         0x00000000   Number         0  _get_argv.o ABSOLUTE
    ../clib/armsys.c                         0x00000000   Number         0  _get_argv_nomalloc.o ABSOLUTE
    ../clib/armsys.c                         0x00000000   Number         0  argv_veneer.o ABSOLUTE
    ../clib/heap1.c                          0x00000000   Number         0  h1_init_mt.o ABSOLUTE
    ../clib/heap1.c                          0x00000000   Number         0  h1_alloc.o ABSOLUTE
    ../clib/heap1.c                          0x00000000   Number         0  h1_final.o ABSOLUTE
    ../clib/heap1.c                          0x00000000   Number         0  h1_free.o ABSOLUTE
    ../clib/heap1.c                          0x00000000   Number         0  h1_alloc_mt.o ABSOLUTE
    ../clib/heap1.c                          0x00000000   Number         0  h1_free_mt.o ABSOLUTE
    ../clib/heap1.c                          0x00000000   Number         0  h1_init.o ABSOLUTE
    ../clib/heap1.c                          0x00000000   Number         0  h1_extend_mt.o ABSOLUTE
    ../clib/heap1.c                          0x00000000   Number         0  h1_extend.o ABSOLUTE
    ../clib/heap1.c                          0x00000000   Number         0  h1_final_mt.o ABSOLUTE
    ../clib/heap2.c                          0x00000000   Number         0  fdtree.o ABSOLUTE
    ../clib/heap2.c                          0x00000000   Number         0  heap2.o ABSOLUTE
    ../clib/heap2.c                          0x00000000   Number         0  heap2mt.o ABSOLUTE
    ../clib/heapalloc.c                      0x00000000   Number         0  malloc.o ABSOLUTE
    ../clib/heapalloc.c                      0x00000000   Number         0  heapstubs.o ABSOLUTE
    ../clib/heapalloc.c                      0x00000000   Number         0  free.o ABSOLUTE
    ../clib/heapalloc.c                      0x00000000   Number         0  hguard.o ABSOLUTE
    ../clib/heapalloc.c                      0x00000000   Number         0  init_alloc.o ABSOLUTE
    ../clib/heapalloc.c                      0x00000000   Number         0  maybetermalloc2.o ABSOLUTE
    ../clib/heapalloc.c                      0x00000000   Number         0  maybetermalloc1.o ABSOLUTE
    ../clib/heapalloc.c                      0x00000000   Number         0  maybetermalloc1.o ABSOLUTE
    ../clib/heapalloc.c                      0x00000000   Number         0  hrguard.o ABSOLUTE
    ../clib/heapalloc.c                      0x00000000   Number         0  maybetermalloc2.o ABSOLUTE
    ../clib/heapalloc.c                      0x00000000   Number         0  term_alloc.o ABSOLUTE
    ../clib/heapaux.c                        0x00000000   Number         0  heapauxi.o ABSOLUTE
    ../clib/heapaux.c                        0x00000000   Number         0  heapauxa.o ABSOLUTE
    ../clib/libinit.s                        0x00000000   Number         0  libinit.o ABSOLUTE
    ../clib/libinit.s                        0x00000000   Number         0  libshutdown2.o ABSOLUTE
    ../clib/libinit.s                        0x00000000   Number         0  libshutdown.o ABSOLUTE
    ../clib/libinit.s                        0x00000000   Number         0  libinit2.o ABSOLUTE
    ../clib/memcpset.s                       0x00000000   Number         0  rt_memcpy_w.o ABSOLUTE
    ../clib/signal.c                         0x00000000   Number         0  defsig_rtred_inner.o ABSOLUTE
    ../clib/signal.c                         0x00000000   Number         0  defsig_fpe_inner.o ABSOLUTE
    ../clib/signal.c                         0x00000000   Number         0  defsig_rtmem_formal.o ABSOLUTE
    ../clib/signal.c                         0x00000000   Number         0  defsig_rtmem_outer.o ABSOLUTE
    ../clib/signal.c                         0x00000000   Number         0  defsig_abrt_inner.o ABSOLUTE
    ../clib/signal.c                         0x00000000   Number         0  defsig_rtmem_inner.o ABSOLUTE
    ../clib/signal.c                         0x00000000   Number         0  defsig_exit.o ABSOLUTE
    ../clib/signal.c                         0x00000000   Number         0  defsig_general.o ABSOLUTE
    ../clib/signal.c                         0x00000000   Number         0  __raise.o ABSOLUTE
    ../clib/signal.c                         0x00000000   Number         0  defsig_segv_inner.o ABSOLUTE
    ../clib/signal.c                         0x00000000   Number         0  defsig_other.o ABSOLUTE
    ../clib/signal.c                         0x00000000   Number         0  defsig_cppl_inner.o ABSOLUTE
    ../clib/signal.c                         0x00000000   Number         0  defsig_pvfn_inner.o ABSOLUTE
    ../clib/signal.c                         0x00000000   Number         0  defsig_stak_inner.o ABSOLUTE
    ../clib/signal.s                         0x00000000   Number         0  defsig.o ABSOLUTE
    ../clib/stdlib.c                         0x00000000   Number         0  exit.o ABSOLUTE
    ../fplib/fpinit.s                        0x00000000   Number         0  fpinit.o ABSOLUTE
    APP.c                                    0x00000000   Number         0  app.o ABSOLUTE
    OS.c                                     0x00000000   Number         0  os.o ABSOLUTE
    OS.s                                     0x00000000   Number         0  os_1.o ABSOLUTE
    RTE\Device\TM4C123GH6PM\startup_TM4C123.s 0x00000000   Number         0  startup_tm4c123.o ABSOLUTE
    RTE\Device\TM4C123GH6PM\system_TM4C123.c 0x00000000   Number         0  system_tm4c123.o ABSOLUTE
    RTE\\Device\\TM4C123GH6PM\\system_TM4C123.c 0x00000000   Number         0  system_tm4c123.o ABSOLUTE
    SystemTick.c                             0x00000000   Number         0  systemtick.o ABSOLUTE
    dc.s                                     0x00000000   Number         0  dc.o ABSOLUTE
    !!!main                                  0x0000026c   Section        8  __main.o(!!!main)
    !!!scatter                               0x00000274   Section       52  __scatter.o(!!!scatter)
    !!handler_copy                           0x000002a8   Section       26  __scatter_copy.o(!!handler_copy)
    !!handler_zi                             0x000002c4   Section       28  __scatter_zi.o(!!handler_zi)
    .ARM.Collect$$libinit$$00000000          0x000002e0   Section        2  libinit.o(.ARM.Collect$$libinit$$00000000)
    .ARM.Collect$$libinit$$00000001          0x000002e2   Section        4  libinit2.o(.ARM.Collect$$libinit$$00000001)
    .ARM.Collect$$libinit$$00000004          0x000002e6   Section        0  libinit2.o(.ARM.Collect$$libinit$$00000004)
    .ARM.Collect$$libinit$$00000005          0x000002e6   Section        8  libinit2.o(.ARM.Collect$$libinit$$00000005)
    .ARM.Collect$$libinit$$0000000A          0x000002ee   Section        0  libinit2.o(.ARM.Collect$$libinit$$0000000A)
    .ARM.Collect$$libinit$$0000000C          0x000002ee   Section        0  libinit2.o(.ARM.Collect$$libinit$$0000000C)
    .ARM.Collect$$libinit$$0000000E          0x000002ee   Section        0  libinit2.o(.ARM.Collect$$libinit$$0000000E)
    .ARM.Collect$$libinit$$00000011          0x000002ee   Section        0  libinit2.o(.ARM.Collect$$libinit$$00000011)
    .ARM.Collect$$libinit$$00000013          0x000002ee   Section        0  libinit2.o(.ARM.Collect$$libinit$$00000013)
    .ARM.Collect$$libinit$$00000015          0x000002ee   Section        0  libinit2.o(.ARM.Collect$$libinit$$00000015)
    .ARM.Collect$$libinit$$00000017          0x000002ee   Section        0  libinit2.o(.ARM.Collect$$libinit$$00000017)
    .ARM.Collect$$libinit$$00000019          0x000002ee   Section        0  libinit2.o(.ARM.Collect$$libinit$$00000019)
    .ARM.Collect$$libinit$$0000001B          0x000002ee   Section        0  libinit2.o(.ARM.Collect$$libinit$$0000001B)
    .ARM.Collect$$libinit$$0000001D          0x000002ee   Section        0  libinit2.o(.ARM.Collect$$libinit$$0000001D)
    .ARM.Collect$$libinit$$0000001F          0x000002ee   Section        0  libinit2.o(.ARM.Collect$$libinit$$0000001F)
    .ARM.Collect$$libinit$$00000021          0x000002ee   Section        0  libinit2.o(.ARM.Collect$$libinit$$00000021)
    .ARM.Collect$$libinit$$00000023          0x000002ee   Section        0  libinit2.o(.ARM.Collect$$libinit$$00000023)
    .ARM.Collect$$libinit$$00000025          0x000002ee   Section        0  libinit2.o(.ARM.Collect$$libinit$$00000025)
    .ARM.Collect$$libinit$$0000002C          0x000002ee   Section        0  libinit2.o(.ARM.Collect$$libinit$$0000002C)
    .ARM.Collect$$libinit$$0000002E          0x000002ee   Section        0  libinit2.o(.ARM.Collect$$libinit$$0000002E)
    .ARM.Collect$$libinit$$00000030          0x000002ee   Section        0  libinit2.o(.ARM.Collect$$libinit$$00000030)
    .ARM.Collect$$libinit$$00000032          0x000002ee   Section        0  libinit2.o(.ARM.Collect$$libinit$$00000032)
    .ARM.Collect$$libinit$$00000033          0x000002ee   Section        2  libinit2.o(.ARM.Collect$$libinit$$00000033)
    .ARM.Collect$$libshutdown$$00000000      0x000002f0   Section        2  libshutdown.o(.ARM.Collect$$libshutdown$$00000000)
    .ARM.Collect$$libshutdown$$00000002      0x000002f2   Section        0  libshutdown2.o(.ARM.Collect$$libshutdown$$00000002)
    .ARM.Collect$$libshutdown$$00000004      0x000002f2   Section        0  libshutdown2.o(.ARM.Collect$$libshutdown$$00000004)
    .ARM.Collect$$libshutdown$$00000007      0x000002f2   Section        0  libshutdown2.o(.ARM.Collect$$libshutdown$$00000007)
    .ARM.Collect$$libshutdown$$0000000A      0x000002f2   Section        0  libshutdown2.o(.ARM.Collect$$libshutdown$$0000000A)
    .ARM.Collect$$libshutdown$$0000000C      0x000002f2   Section        0  libshutdown2.o(.ARM.Collect$$libshutdown$$0000000C)
    .ARM.Collect$$libshutdown$$0000000F      0x000002f2   Section        0  libshutdown2.o(.ARM.Collect$$libshutdown$$0000000F)
    .ARM.Collect$$libshutdown$$00000010      0x000002f2   Section        2  libshutdown2.o(.ARM.Collect$$libshutdown$$00000010)
    .ARM.Collect$$rtentry$$00000000          0x000002f4   Section        0  __rtentry.o(.ARM.Collect$$rtentry$$00000000)
    .ARM.Collect$$rtentry$$00000002          0x000002f4   Section        0  __rtentry2.o(.ARM.Collect$$rtentry$$00000002)
    .ARM.Collect$$rtentry$$00000004          0x000002f4   Section        6  __rtentry4.o(.ARM.Collect$$rtentry$$00000004)
    .ARM.Collect$$rtentry$$00000009          0x000002fa   Section        0  __rtentry2.o(.ARM.Collect$$rtentry$$00000009)
    .ARM.Collect$$rtentry$$0000000A          0x000002fa   Section        4  __rtentry2.o(.ARM.Collect$$rtentry$$0000000A)
    .ARM.Collect$$rtentry$$0000000C          0x000002fe   Section        0  __rtentry2.o(.ARM.Collect$$rtentry$$0000000C)
    .ARM.Collect$$rtentry$$0000000D          0x000002fe   Section        8  __rtentry2.o(.ARM.Collect$$rtentry$$0000000D)
    .ARM.Collect$$rtexit$$00000000           0x00000306   Section        2  rtexit.o(.ARM.Collect$$rtexit$$00000000)
    .ARM.Collect$$rtexit$$00000002           0x00000308   Section        0  rtexit2.o(.ARM.Collect$$rtexit$$00000002)
    .ARM.Collect$$rtexit$$00000003           0x00000308   Section        4  rtexit2.o(.ARM.Collect$$rtexit$$00000003)
    .ARM.Collect$$rtexit$$00000004           0x0000030c   Section        6  rtexit2.o(.ARM.Collect$$rtexit$$00000004)
    .emb_text                                0x00000314   Section        0  maybetermalloc1.o(.emb_text)
    .text                                    0x00000314   Section       84  os_1.o(.text)
    $v0                                      0x00000314   Number         0  os_1.o(.text)
    .text                                    0x00000368   Section      280  startup_tm4c123.o(.text)
    $v0                                      0x00000368   Number         0  startup_tm4c123.o(.text)
    .text                                    0x00000480   Section        0  h1_alloc.o(.text)
    .text                                    0x000004de   Section        0  h1_free.o(.text)
    .text                                    0x0000052c   Section        0  heapauxi.o(.text)
    .text                                    0x00000534   Section        8  rt_heap_descriptor_intlibspace.o(.text)
    .text                                    0x0000053c   Section        0  hguard.o(.text)
    .text                                    0x00000540   Section        0  init_alloc.o(.text)
    .text                                    0x000005ca   Section        0  h1_init.o(.text)
    .text                                    0x000005d8   Section        8  libspace.o(.text)
    .text                                    0x000005e0   Section        0  h1_extend.o(.text)
    .text                                    0x00000614   Section        0  defsig_rtmem_outer.o(.text)
    .text                                    0x00000622   Section        2  use_no_semi.o(.text)
    .text                                    0x00000624   Section       74  sys_stackheap_outer.o(.text)
    .text                                    0x00000624   Section        0  indicate_semi.o(.text)
    .text                                    0x0000066e   Section        0  exit.o(.text)
    .text                                    0x00000680   Section        0  defsig_exit.o(.text)
    .text                                    0x0000068c   Section        0  defsig_rtmem_inner.o(.text)
    .text                                    0x000006dc   Section        0  sys_exit.o(.text)
    .text                                    0x000006e8   Section        0  defsig_general.o(.text)
    .text                                    0x0000071a   Section        0  sys_wrch.o(.text)
    i.Add_Thread                             0x00000728   Section        0  os.o(i.Add_Thread)
    i.Dispatcher                             0x000007a8   Section        0  os.o(i.Dispatcher)
    i.OS_Fire                                0x000007bc   Section        0  os.o(i.OS_Fire)
    i.OS_Init                                0x000007dc   Section        0  os.o(i.OS_Init)
    i.OS_Suspend                             0x00000800   Section        0  os.o(i.OS_Suspend)
    i.SystemInit                             0x00000820   Section        0  system_tm4c123.o(i.SystemInit)
    i.Systick_Fire                           0x00000834   Section        0  systemtick.o(i.Systick_Fire)
    i.Systick_Init                           0x00000874   Section        0  systemtick.o(i.Systick_Init)
    i.Task1                                  0x0000089c   Section        0  app.o(i.Task1)
    i.Task2                                  0x000008b8   Section        0  app.o(i.Task2)
    i.Task3                                  0x000008d4   Section        0  app.o(i.Task3)
    i.main                                   0x000008f0   Section        0  app.o(i.main)
    x$fpl$fpinit                             0x00000924   Section       10  fpinit.o(x$fpl$fpinit)
    $v0                                      0x00000924   Number         0  fpinit.o(x$fpl$fpinit)
    .data                                    0x20000000   Section       12  os.o(.data)
    .data                                    0x2000000c   Section       12  app.o(.data)
    .bss                                     0x20000018   Section       96  libspace.o(.bss)
    HEAP                                     0x20000078   Section     2048  startup_tm4c123.o(HEAP)
    Heap_Mem                                 0x20000078   Data        2048  startup_tm4c123.o(HEAP)
    STACK                                    0x20000878   Section      512  startup_tm4c123.o(STACK)
    Stack_Mem                                0x20000878   Data         512  startup_tm4c123.o(STACK)
    __initial_sp                             0x20000a78   Data           0  startup_tm4c123.o(STACK)

    Global Symbols

    Symbol Name                              Value     Ov Type        Size  Object(Section)

    BuildAttributes$$THM_ISAv4$E$P$D$K$B$S$7EM$VFPi3$EXTD16$VFPS$VFMA$PE$A:L22UL41UL21$X:L11$S22US41US21$IEEE1$IW$USESV6$~STKCKD$USESV7$~SHL$OTIME$ROPI$EBA8$UX$STANDARDLIB$REQ8$PRES8$EABIv2 0x00000000   Number         0  anon$$obj.o ABSOLUTE
    __ARM_use_no_argv                        0x00000000   Number         0  app.o ABSOLUTE
    __Vectors                                0x00000000   Data           4  startup_tm4c123.o(RESET)
    __ARM_exceptions_init                     - Undefined Weak Reference
    __alloca_initialize                       - Undefined Weak Reference
    __arm_preinit_                            - Undefined Weak Reference
    __cpp_initialize__aeabi_                  - Undefined Weak Reference
    __cxa_finalize                            - Undefined Weak Reference
    __rt_locale                               - Undefined Weak Reference
    __sigvec_lookup                           - Undefined Weak Reference
    __user_heap_extent                        - Undefined Weak Reference
    _atexit_init                              - Undefined Weak Reference
    _call_atexit_fns                          - Undefined Weak Reference
    _clock_init                               - Undefined Weak Reference
    _fp_trap_init                             - Undefined Weak Reference
    _fp_trap_shutdown                         - Undefined Weak Reference
    _get_lc_collate                           - Undefined Weak Reference
    _get_lc_ctype                             - Undefined Weak Reference
    _get_lc_monetary                          - Undefined Weak Reference
    _get_lc_numeric                           - Undefined Weak Reference
    _get_lc_time                              - Undefined Weak Reference
    _getenv_init                              - Undefined Weak Reference
    _handle_redirection                       - Undefined Weak Reference
    _initio                                   - Undefined Weak Reference
    _mutex_acquire                            - Undefined Weak Reference
    _mutex_free                               - Undefined Weak Reference
    _mutex_release                            - Undefined Weak Reference
    _rand_init                                - Undefined Weak Reference
    _signal_finish                            - Undefined Weak Reference
    _signal_init                              - Undefined Weak Reference
    _terminateio                              - Undefined Weak Reference
    __Vectors_End                            0x0000026c   Data           0  startup_tm4c123.o(RESET)
    __Vectors_Size                           0x0000026c   Number         0  startup_tm4c123.o ABSOLUTE
    __main                                   0x0000026d   Thumb Code     8  __main.o(!!!main)
    __scatterload                            0x00000275   Thumb Code     0  __scatter.o(!!!scatter)
    __scatterload_rt2                        0x00000275   Thumb Code    44  __scatter.o(!!!scatter)
    __scatterload_rt2_thumb_only             0x00000275   Thumb Code     0  __scatter.o(!!!scatter)
    __scatterload_null                       0x00000283   Thumb Code     0  __scatter.o(!!!scatter)
    __scatterload_copy                       0x000002a9   Thumb Code    26  __scatter_copy.o(!!handler_copy)
    __scatterload_zeroinit                   0x000002c5   Thumb Code    28  __scatter_zi.o(!!handler_zi)
    __rt_lib_init                            0x000002e1   Thumb Code     0  libinit.o(.ARM.Collect$$libinit$$00000000)
    __rt_lib_init_fp_1                       0x000002e3   Thumb Code     0  libinit2.o(.ARM.Collect$$libinit$$00000001)
    __rt_lib_init_heap_2                     0x000002e7   Thumb Code     0  libinit2.o(.ARM.Collect$$libinit$$00000005)
    __rt_lib_init_preinit_1                  0x000002e7   Thumb Code     0  libinit2.o(.ARM.Collect$$libinit$$00000004)
    __rt_lib_init_alloca_1                   0x000002ef   Thumb Code     0  libinit2.o(.ARM.Collect$$libinit$$0000002E)
    __rt_lib_init_argv_1                     0x000002ef   Thumb Code     0  libinit2.o(.ARM.Collect$$libinit$$0000002C)
    __rt_lib_init_atexit_1                   0x000002ef   Thumb Code     0  libinit2.o(.ARM.Collect$$libinit$$0000001B)
    __rt_lib_init_clock_1                    0x000002ef   Thumb Code     0  libinit2.o(.ARM.Collect$$libinit$$00000021)
    __rt_lib_init_cpp_1                      0x000002ef   Thumb Code     0  libinit2.o(.ARM.Collect$$libinit$$00000032)
    __rt_lib_init_exceptions_1               0x000002ef   Thumb Code     0  libinit2.o(.ARM.Collect$$libinit$$00000030)
    __rt_lib_init_fp_trap_1                  0x000002ef   Thumb Code     0  libinit2.o(.ARM.Collect$$libinit$$0000001F)
    __rt_lib_init_getenv_1                   0x000002ef   Thumb Code     0  libinit2.o(.ARM.Collect$$libinit$$00000023)
    __rt_lib_init_heap_1                     0x000002ef   Thumb Code     0  libinit2.o(.ARM.Collect$$libinit$$0000000A)
    __rt_lib_init_lc_collate_1               0x000002ef   Thumb Code     0  libinit2.o(.ARM.Collect$$libinit$$00000011)
    __rt_lib_init_lc_ctype_1                 0x000002ef   Thumb Code     0  libinit2.o(.ARM.Collect$$libinit$$00000013)
    __rt_lib_init_lc_monetary_1              0x000002ef   Thumb Code     0  libinit2.o(.ARM.Collect$$libinit$$00000015)
    __rt_lib_init_lc_numeric_1               0x000002ef   Thumb Code     0  libinit2.o(.ARM.Collect$$libinit$$00000017)
    __rt_lib_init_lc_time_1                  0x000002ef   Thumb Code     0  libinit2.o(.ARM.Collect$$libinit$$00000019)
    __rt_lib_init_rand_1                     0x000002ef   Thumb Code     0  libinit2.o(.ARM.Collect$$libinit$$0000000E)
    __rt_lib_init_return                     0x000002ef   Thumb Code     0  libinit2.o(.ARM.Collect$$libinit$$00000033)
    __rt_lib_init_signal_1                   0x000002ef   Thumb Code     0  libinit2.o(.ARM.Collect$$libinit$$0000001D)
    __rt_lib_init_stdio_1                    0x000002ef   Thumb Code     0  libinit2.o(.ARM.Collect$$libinit$$00000025)
    __rt_lib_init_user_alloc_1               0x000002ef   Thumb Code     0  libinit2.o(.ARM.Collect$$libinit$$0000000C)
    __rt_lib_shutdown                        0x000002f1   Thumb Code     0  libshutdown.o(.ARM.Collect$$libshutdown$$00000000)
    __rt_lib_shutdown_cpp_1                  0x000002f3   Thumb Code     0  libshutdown2.o(.ARM.Collect$$libshutdown$$00000002)
    __rt_lib_shutdown_fp_trap_1              0x000002f3   Thumb Code     0  libshutdown2.o(.ARM.Collect$$libshutdown$$00000007)
    __rt_lib_shutdown_heap_1                 0x000002f3   Thumb Code     0  libshutdown2.o(.ARM.Collect$$libshutdown$$0000000F)
    __rt_lib_shutdown_return                 0x000002f3   Thumb Code     0  libshutdown2.o(.ARM.Collect$$libshutdown$$00000010)
    __rt_lib_shutdown_signal_1               0x000002f3   Thumb Code     0  libshutdown2.o(.ARM.Collect$$libshutdown$$0000000A)
    __rt_lib_shutdown_stdio_1                0x000002f3   Thumb Code     0  libshutdown2.o(.ARM.Collect$$libshutdown$$00000004)
    __rt_lib_shutdown_user_alloc_1           0x000002f3   Thumb Code     0  libshutdown2.o(.ARM.Collect$$libshutdown$$0000000C)
    __rt_entry                               0x000002f5   Thumb Code     0  __rtentry.o(.ARM.Collect$$rtentry$$00000000)
    __rt_entry_presh_1                       0x000002f5   Thumb Code     0  __rtentry2.o(.ARM.Collect$$rtentry$$00000002)
    __rt_entry_sh                            0x000002f5   Thumb Code     0  __rtentry4.o(.ARM.Collect$$rtentry$$00000004)
    __rt_entry_li                            0x000002fb   Thumb Code     0  __rtentry2.o(.ARM.Collect$$rtentry$$0000000A)
    __rt_entry_postsh_1                      0x000002fb   Thumb Code     0  __rtentry2.o(.ARM.Collect$$rtentry$$00000009)
    __rt_entry_main                          0x000002ff   Thumb Code     0  __rtentry2.o(.ARM.Collect$$rtentry$$0000000D)
    __rt_entry_postli_1                      0x000002ff   Thumb Code     0  __rtentry2.o(.ARM.Collect$$rtentry$$0000000C)
    __rt_exit                                0x00000307   Thumb Code     0  rtexit.o(.ARM.Collect$$rtexit$$00000000)
    __rt_exit_ls                             0x00000309   Thumb Code     0  rtexit2.o(.ARM.Collect$$rtexit$$00000003)
    __rt_exit_prels_1                        0x00000309   Thumb Code     0  rtexit2.o(.ARM.Collect$$rtexit$$00000002)
    __rt_exit_exit                           0x0000030d   Thumb Code     0  rtexit2.o(.ARM.Collect$$rtexit$$00000004)
    Enter_Critical_Section                   0x00000315   Thumb Code     0  os_1.o(.text)
    _maybe_terminate_alloc                   0x00000315   Thumb Code     0  maybetermalloc1.o(.emb_text)
    Exit_Critical_Section                    0x00000319   Thumb Code     0  os_1.o(.text)
    OS_Launch                                0x0000031d   Thumb Code     0  os_1.o(.text)
    SysTick_Handler                          0x0000033b   Thumb Code     0  os_1.o(.text)
    Reset_Handler                            0x00000369   Thumb Code     8  startup_tm4c123.o(.text)
    NMI_Handler                              0x00000371   Thumb Code     2  startup_tm4c123.o(.text)
    HardFault_Handler                        0x00000373   Thumb Code     2  startup_tm4c123.o(.text)
    MemManage_Handler                        0x00000375   Thumb Code     2  startup_tm4c123.o(.text)
    BusFault_Handler                         0x00000377   Thumb Code     2  startup_tm4c123.o(.text)
    UsageFault_Handler                       0x00000379   Thumb Code     2  startup_tm4c123.o(.text)
    SVC_Handler                              0x0000037b   Thumb Code     2  startup_tm4c123.o(.text)
    DebugMon_Handler                         0x0000037d   Thumb Code     2  startup_tm4c123.o(.text)
    PendSV_Handler                           0x0000037f   Thumb Code     2  startup_tm4c123.o(.text)
    GPIOA_Handler                            0x00000383   Thumb Code     2  startup_tm4c123.o(.text)
    GPIOB_Handler                            0x00000385   Thumb Code     2  startup_tm4c123.o(.text)
    GPIOC_Handler                            0x00000387   Thumb Code     2  startup_tm4c123.o(.text)
    GPIOD_Handler                            0x00000389   Thumb Code     2  startup_tm4c123.o(.text)
    GPIOE_Handler                            0x0000038b   Thumb Code     2  startup_tm4c123.o(.text)
    UART0_Handler                            0x0000038d   Thumb Code     2  startup_tm4c123.o(.text)
    UART1_Handler                            0x0000038f   Thumb Code     2  startup_tm4c123.o(.text)
    SSI0_Handler                             0x00000391   Thumb Code     2  startup_tm4c123.o(.text)
    I2C0_Handler                             0x00000393   Thumb Code     2  startup_tm4c123.o(.text)
    PMW0_FAULT_Handler                       0x00000395   Thumb Code     2  startup_tm4c123.o(.text)
    PWM0_0_Handler                           0x00000397   Thumb Code     2  startup_tm4c123.o(.text)
    PWM0_1_Handler                           0x00000399   Thumb Code     2  startup_tm4c123.o(.text)
    PWM0_2_Handler                           0x0000039b   Thumb Code     2  startup_tm4c123.o(.text)
    QEI0_Handler                             0x0000039d   Thumb Code     2  startup_tm4c123.o(.text)
    ADC0SS0_Handler                          0x0000039f   Thumb Code     2  startup_tm4c123.o(.text)
    ADC0SS1_Handler                          0x000003a1   Thumb Code     2  startup_tm4c123.o(.text)
    ADC0SS2_Handler                          0x000003a3   Thumb Code     2  startup_tm4c123.o(.text)
    ADC0SS3_Handler                          0x000003a5   Thumb Code     2  startup_tm4c123.o(.text)
    WDT0_Handler                             0x000003a7   Thumb Code     2  startup_tm4c123.o(.text)
    TIMER0A_Handler                          0x000003a9   Thumb Code     2  startup_tm4c123.o(.text)
    TIMER0B_Handler                          0x000003ab   Thumb Code     2  startup_tm4c123.o(.text)
    TIMER1A_Handler                          0x000003ad   Thumb Code     2  startup_tm4c123.o(.text)
    TIMER1B_Handler                          0x000003af   Thumb Code     2  startup_tm4c123.o(.text)
    TIMER2A_Handler                          0x000003b1   Thumb Code     2  startup_tm4c123.o(.text)
    TIMER2B_Handler                          0x000003b3   Thumb Code     2  startup_tm4c123.o(.text)
    COMP0_Handler                            0x000003b5   Thumb Code     2  startup_tm4c123.o(.text)
    COMP1_Handler                            0x000003b7   Thumb Code     2  startup_tm4c123.o(.text)
    COMP2_Handler                            0x000003b9   Thumb Code     2  startup_tm4c123.o(.text)
    SYSCTL_Handler                           0x000003bb   Thumb Code     2  startup_tm4c123.o(.text)
    FLASH_Handler                            0x000003bd   Thumb Code     2  startup_tm4c123.o(.text)
    GPIOF_Handler                            0x000003bf   Thumb Code     2  startup_tm4c123.o(.text)
    GPIOG_Handler                            0x000003c1   Thumb Code     2  startup_tm4c123.o(.text)
    GPIOH_Handler                            0x000003c3   Thumb Code     2  startup_tm4c123.o(.text)
    UART2_Handler                            0x000003c5   Thumb Code     2  startup_tm4c123.o(.text)
    SSI1_Handler                             0x000003c7   Thumb Code     2  startup_tm4c123.o(.text)
    TIMER3A_Handler                          0x000003c9   Thumb Code     2  startup_tm4c123.o(.text)
    TIMER3B_Handler                          0x000003cb   Thumb Code     2  startup_tm4c123.o(.text)
    I2C1_Handler                             0x000003cd   Thumb Code     2  startup_tm4c123.o(.text)
    QEI1_Handler                             0x000003cf   Thumb Code     2  startup_tm4c123.o(.text)
    CAN0_Handler                             0x000003d1   Thumb Code     2  startup_tm4c123.o(.text)
    CAN1_Handler                             0x000003d3   Thumb Code     2  startup_tm4c123.o(.text)
    CAN2_Handler                             0x000003d5   Thumb Code     2  startup_tm4c123.o(.text)
    HIB_Handler                              0x000003d7   Thumb Code     2  startup_tm4c123.o(.text)
    USB0_Handler                             0x000003d9   Thumb Code     2  startup_tm4c123.o(.text)
    PWM0_3_Handler                           0x000003db   Thumb Code     2  startup_tm4c123.o(.text)
    UDMA_Handler                             0x000003dd   Thumb Code     2  startup_tm4c123.o(.text)
    UDMAERR_Handler                          0x000003df   Thumb Code     2  startup_tm4c123.o(.text)
    ADC1SS0_Handler                          0x000003e1   Thumb Code     2  startup_tm4c123.o(.text)
    ADC1SS1_Handler                          0x000003e3   Thumb Code     2  startup_tm4c123.o(.text)
    ADC1SS2_Handler                          0x000003e5   Thumb Code     2  startup_tm4c123.o(.text)
    ADC1SS3_Handler                          0x000003e7   Thumb Code     2  startup_tm4c123.o(.text)
    GPIOJ_Handler                            0x000003e9   Thumb Code     2  startup_tm4c123.o(.text)
    GPIOK_Handler                            0x000003eb   Thumb Code     2  startup_tm4c123.o(.text)
    GPIOL_Handler                            0x000003ed   Thumb Code     2  startup_tm4c123.o(.text)
    SSI2_Handler                             0x000003ef   Thumb Code     2  startup_tm4c123.o(.text)
    SSI3_Handler                             0x000003f1   Thumb Code     2  startup_tm4c123.o(.text)
    UART3_Handler                            0x000003f3   Thumb Code     2  startup_tm4c123.o(.text)
    UART4_Handler                            0x000003f5   Thumb Code     2  startup_tm4c123.o(.text)
    UART5_Handler                            0x000003f7   Thumb Code     2  startup_tm4c123.o(.text)
    UART6_Handler                            0x000003f9   Thumb Code     2  startup_tm4c123.o(.text)
    UART7_Handler                            0x000003fb   Thumb Code     2  startup_tm4c123.o(.text)
    I2C2_Handler                             0x000003fd   Thumb Code     2  startup_tm4c123.o(.text)
    I2C3_Handler                             0x000003ff   Thumb Code     2  startup_tm4c123.o(.text)
    TIMER4A_Handler                          0x00000401   Thumb Code     2  startup_tm4c123.o(.text)
    TIMER4B_Handler                          0x00000403   Thumb Code     2  startup_tm4c123.o(.text)
    TIMER5A_Handler                          0x00000405   Thumb Code     2  startup_tm4c123.o(.text)
    TIMER5B_Handler                          0x00000407   Thumb Code     2  startup_tm4c123.o(.text)
    WTIMER0A_Handler                         0x00000409   Thumb Code     2  startup_tm4c123.o(.text)
    WTIMER0B_Handler                         0x0000040b   Thumb Code     2  startup_tm4c123.o(.text)
    WTIMER1A_Handler                         0x0000040d   Thumb Code     2  startup_tm4c123.o(.text)
    WTIMER1B_Handler                         0x0000040f   Thumb Code     2  startup_tm4c123.o(.text)
    WTIMER2A_Handler                         0x00000411   Thumb Code     2  startup_tm4c123.o(.text)
    WTIMER2B_Handler                         0x00000413   Thumb Code     2  startup_tm4c123.o(.text)
    WTIMER3A_Handler                         0x00000415   Thumb Code     2  startup_tm4c123.o(.text)
    WTIMER3B_Handler                         0x00000417   Thumb Code     2  startup_tm4c123.o(.text)
    WTIMER4A_Handler                         0x00000419   Thumb Code     2  startup_tm4c123.o(.text)
    WTIMER4B_Handler                         0x0000041b   Thumb Code     2  startup_tm4c123.o(.text)
    WTIMER5A_Handler                         0x0000041d   Thumb Code     2  startup_tm4c123.o(.text)
    WTIMER5B_Handler                         0x0000041f   Thumb Code     2  startup_tm4c123.o(.text)
    FPU_Handler                              0x00000421   Thumb Code     2  startup_tm4c123.o(.text)
    I2C4_Handler                             0x00000423   Thumb Code     2  startup_tm4c123.o(.text)
    I2C5_Handler                             0x00000425   Thumb Code     2  startup_tm4c123.o(.text)
    GPIOM_Handler                            0x00000427   Thumb Code     2  startup_tm4c123.o(.text)
    GPION_Handler                            0x00000429   Thumb Code     2  startup_tm4c123.o(.text)
    QEI2_Handler                             0x0000042b   Thumb Code     2  startup_tm4c123.o(.text)
    GPIOP0_Handler                           0x0000042d   Thumb Code     2  startup_tm4c123.o(.text)
    GPIOP1_Handler                           0x0000042f   Thumb Code     2  startup_tm4c123.o(.text)
    GPIOP2_Handler                           0x00000431   Thumb Code     2  startup_tm4c123.o(.text)
    GPIOP3_Handler                           0x00000433   Thumb Code     2  startup_tm4c123.o(.text)
    GPIOP4_Handler                           0x00000435   Thumb Code     2  startup_tm4c123.o(.text)
    GPIOP5_Handler                           0x00000437   Thumb Code     2  startup_tm4c123.o(.text)
    GPIOP6_Handler                           0x00000439   Thumb Code     2  startup_tm4c123.o(.text)
    GPIOP7_Handler                           0x0000043b   Thumb Code     2  startup_tm4c123.o(.text)
    GPIOQ0_Handler                           0x0000043d   Thumb Code     2  startup_tm4c123.o(.text)
    GPIOQ1_Handler                           0x0000043f   Thumb Code     2  startup_tm4c123.o(.text)
    GPIOQ2_Handler                           0x00000441   Thumb Code     2  startup_tm4c123.o(.text)
    GPIOQ3_Handler                           0x00000443   Thumb Code     2  startup_tm4c123.o(.text)
    GPIOQ4_Handler                           0x00000445   Thumb Code     2  startup_tm4c123.o(.text)
    GPIOQ5_Handler                           0x00000447   Thumb Code     2  startup_tm4c123.o(.text)
    GPIOQ6_Handler                           0x00000449   Thumb Code     2  startup_tm4c123.o(.text)
    GPIOQ7_Handler                           0x0000044b   Thumb Code     2  startup_tm4c123.o(.text)
    GPIOR_Handler                            0x0000044d   Thumb Code     2  startup_tm4c123.o(.text)
    GPIOS_Handler                            0x0000044f   Thumb Code     2  startup_tm4c123.o(.text)
    PMW1_0_Handler                           0x00000451   Thumb Code     2  startup_tm4c123.o(.text)
    PWM1_1_Handler                           0x00000453   Thumb Code     2  startup_tm4c123.o(.text)
    PWM1_2_Handler                           0x00000455   Thumb Code     2  startup_tm4c123.o(.text)
    PWM1_3_Handler                           0x00000457   Thumb Code     2  startup_tm4c123.o(.text)
    PWM1_FAULT_Handler                       0x00000459   Thumb Code     2  startup_tm4c123.o(.text)
    __user_initial_stackheap                 0x0000045d   Thumb Code     0  startup_tm4c123.o(.text)
    malloc                                   0x00000481   Thumb Code    94  h1_alloc.o(.text)
    free                                     0x000004df   Thumb Code    78  h1_free.o(.text)
    __use_two_region_memory                  0x0000052d   Thumb Code     2  heapauxi.o(.text)
    __rt_heap_escrow                         0x0000052f   Thumb Code     2  heapauxi.o(.text)
    __rt_heap_expand                         0x00000531   Thumb Code     2  heapauxi.o(.text)
    __rt_heap_descriptor                     0x00000535   Thumb Code     8  rt_heap_descriptor_intlibspace.o(.text)
    __use_no_heap                            0x0000053d   Thumb Code     2  hguard.o(.text)
    __heap$guard                             0x0000053f   Thumb Code     2  hguard.o(.text)
    _terminate_user_alloc                    0x00000541   Thumb Code     2  init_alloc.o(.text)
    _init_user_alloc                         0x00000543   Thumb Code     2  init_alloc.o(.text)
    __Heap_Full                              0x00000545   Thumb Code    34  init_alloc.o(.text)
    __Heap_Broken                            0x00000567   Thumb Code     6  init_alloc.o(.text)
    _init_alloc                              0x0000056d   Thumb Code    94  init_alloc.o(.text)
    __Heap_Initialize                        0x000005cb   Thumb Code    10  h1_init.o(.text)
    __Heap_DescSize                          0x000005d5   Thumb Code     4  h1_init.o(.text)
    __user_libspace                          0x000005d9   Thumb Code     8  libspace.o(.text)
    __user_perproc_libspace                  0x000005d9   Thumb Code     0  libspace.o(.text)
    __user_perthread_libspace                0x000005d9   Thumb Code     0  libspace.o(.text)
    __Heap_ProvideMemory                     0x000005e1   Thumb Code    52  h1_extend.o(.text)
    __rt_SIGRTMEM                            0x00000615   Thumb Code    14  defsig_rtmem_outer.o(.text)
    __I$use$semihosting                      0x00000623   Thumb Code     0  use_no_semi.o(.text)
    __use_no_semihosting_swi                 0x00000623   Thumb Code     2  use_no_semi.o(.text)
    __semihosting_library_function           0x00000625   Thumb Code     0  indicate_semi.o(.text)
    __user_setup_stackheap                   0x00000625   Thumb Code    74  sys_stackheap_outer.o(.text)
    exit                                     0x0000066f   Thumb Code    18  exit.o(.text)
    __sig_exit                               0x00000681   Thumb Code    10  defsig_exit.o(.text)
    __rt_SIGRTMEM_inner                      0x0000068d   Thumb Code    22  defsig_rtmem_inner.o(.text)
    _sys_exit                                0x000006dd   Thumb Code     8  sys_exit.o(.text)
    __default_signal_display                 0x000006e9   Thumb Code    50  defsig_general.o(.text)
    _ttywrch                                 0x0000071b   Thumb Code    14  sys_wrch.o(.text)
    Add_Thread                               0x00000729   Thumb Code   124  os.o(i.Add_Thread)
    Dispatcher                               0x000007a9   Thumb Code    16  os.o(i.Dispatcher)
    OS_Fire                                  0x000007bd   Thumb Code    30  os.o(i.OS_Fire)
    OS_Init                                  0x000007dd   Thumb Code    30  os.o(i.OS_Init)
    OS_Suspend                               0x00000801   Thumb Code    28  os.o(i.OS_Suspend)
    SystemInit                               0x00000821   Thumb Code    14  system_tm4c123.o(i.SystemInit)
    Systick_Fire                             0x00000835   Thumb Code    56  systemtick.o(i.Systick_Fire)
    Systick_Init                             0x00000875   Thumb Code    34  systemtick.o(i.Systick_Init)
    Task1                                    0x0000089d   Thumb Code    24  app.o(i.Task1)
    Task2                                    0x000008b9   Thumb Code    24  app.o(i.Task2)
    Task3                                    0x000008d5   Thumb Code    24  app.o(i.Task3)
    main                                     0x000008f1   Thumb Code    38  app.o(i.main)
    _fp_init                                 0x00000925   Thumb Code    10  fpinit.o(x$fpl$fpinit)
    __fplib_config_fpu_vfp                   0x0000092d   Thumb Code     0  fpinit.o(x$fpl$fpinit)
    __fplib_config_pureend_doubles           0x0000092d   Thumb Code     0  fpinit.o(x$fpl$fpinit)
    Region$$Table$$Base                      0x00000930   Number         0  anon$$obj.o(Region$$Table)
    Region$$Table$$Limit                     0x00000950   Number         0  anon$$obj.o(Region$$Table)
    ThreadTCBs                               0x20000000   Data           8  os.o(.data)
    RunB                                     0x20000008   Data           4  os.o(.data)
    TH1                                      0x2000000c   Data           4  app.o(.data)
    TH2                                      0x20000010   Data           4  app.o(.data)
    TH3                                      0x20000014   Data           4  app.o(.data)
    __libspace_start                         0x20000018   Data          96  libspace.o(.bss)
    __temporary_stack_top$libspace           0x20000078   Data           0  libspace.o(.bss)



==============================================================================

Memory Map of the image

  Image Entry point : 0x00000369

  Load Region LR_1 (Base: 0x00000000, Size: 0x00000968, Max: 0xffffffff, ABSOLUTE)

    Execution Region ER_RO (Exec base: 0x00000000, Load base: 0x00000000, Size: 0x00000950, Max: 0xffffffff, ABSOLUTE)

    Exec Addr    Load Addr    Size         Type   Attr      Idx    E Section Name        Object

    0x00000000   0x00000000   0x0000026c   Data   RO          120    RESET               startup_tm4c123.o
    0x0000026c   0x0000026c   0x00000008   Code   RO          247  * !!!main             c_w.l(__main.o)
    0x00000274   0x00000274   0x00000034   Code   RO          450    !!!scatter          c_w.l(__scatter.o)
    0x000002a8   0x000002a8   0x0000001a   Code   RO          452    !!handler_copy      c_w.l(__scatter_copy.o)
    0x000002c2   0x000002c2   0x00000002   PAD
    0x000002c4   0x000002c4   0x0000001c   Code   RO          454    !!handler_zi        c_w.l(__scatter_zi.o)
    0x000002e0   0x000002e0   0x00000002   Code   RO          389    .ARM.Collect$$libinit$$00000000  c_w.l(libinit.o)
    0x000002e2   0x000002e2   0x00000004   Code   RO          281    .ARM.Collect$$libinit$$00000001  c_w.l(libinit2.o)
    0x000002e6   0x000002e6   0x00000000   Code   RO          284    .ARM.Collect$$libinit$$00000004  c_w.l(libinit2.o)
    0x000002e6   0x000002e6   0x00000008   Code   RO          285    .ARM.Collect$$libinit$$00000005  c_w.l(libinit2.o)
    0x000002ee   0x000002ee   0x00000000   Code   RO          287    .ARM.Collect$$libinit$$0000000A  c_w.l(libinit2.o)
    0x000002ee   0x000002ee   0x00000000   Code   RO          289    .ARM.Collect$$libinit$$0000000C  c_w.l(libinit2.o)
    0x000002ee   0x000002ee   0x00000000   Code   RO          291    .ARM.Collect$$libinit$$0000000E  c_w.l(libinit2.o)
    0x000002ee   0x000002ee   0x00000000   Code   RO          294    .ARM.Collect$$libinit$$00000011  c_w.l(libinit2.o)
    0x000002ee   0x000002ee   0x00000000   Code   RO          296    .ARM.Collect$$libinit$$00000013  c_w.l(libinit2.o)
    0x000002ee   0x000002ee   0x00000000   Code   RO          298    .ARM.Collect$$libinit$$00000015  c_w.l(libinit2.o)
    0x000002ee   0x000002ee   0x00000000   Code   RO          300    .ARM.Collect$$libinit$$00000017  c_w.l(libinit2.o)
    0x000002ee   0x000002ee   0x00000000   Code   RO          302    .ARM.Collect$$libinit$$00000019  c_w.l(libinit2.o)
    0x000002ee   0x000002ee   0x00000000   Code   RO          304    .ARM.Collect$$libinit$$0000001B  c_w.l(libinit2.o)
    0x000002ee   0x000002ee   0x00000000   Code   RO          306    .ARM.Collect$$libinit$$0000001D  c_w.l(libinit2.o)
    0x000002ee   0x000002ee   0x00000000   Code   RO          308    .ARM.Collect$$libinit$$0000001F  c_w.l(libinit2.o)
    0x000002ee   0x000002ee   0x00000000   Code   RO          310    .ARM.Collect$$libinit$$00000021  c_w.l(libinit2.o)
    0x000002ee   0x000002ee   0x00000000   Code   RO          312    .ARM.Collect$$libinit$$00000023  c_w.l(libinit2.o)
    0x000002ee   0x000002ee   0x00000000   Code   RO          314    .ARM.Collect$$libinit$$00000025  c_w.l(libinit2.o)
    0x000002ee   0x000002ee   0x00000000   Code   RO          318    .ARM.Collect$$libinit$$0000002C  c_w.l(libinit2.o)
    0x000002ee   0x000002ee   0x00000000   Code   RO          320    .ARM.Collect$$libinit$$0000002E  c_w.l(libinit2.o)
    0x000002ee   0x000002ee   0x00000000   Code   RO          322    .ARM.Collect$$libinit$$00000030  c_w.l(libinit2.o)
    0x000002ee   0x000002ee   0x00000000   Code   RO          324    .ARM.Collect$$libinit$$00000032  c_w.l(libinit2.o)
    0x000002ee   0x000002ee   0x00000002   Code   RO          325    .ARM.Collect$$libinit$$00000033  c_w.l(libinit2.o)
    0x000002f0   0x000002f0   0x00000002   Code   RO          447    .ARM.Collect$$libshutdown$$00000000  c_w.l(libshutdown.o)
    0x000002f2   0x000002f2   0x00000000   Code   RO          403    .ARM.Collect$$libshutdown$$00000002  c_w.l(libshutdown2.o)
    0x000002f2   0x000002f2   0x00000000   Code   RO          405    .ARM.Collect$$libshutdown$$00000004  c_w.l(libshutdown2.o)
    0x000002f2   0x000002f2   0x00000000   Code   RO          408    .ARM.Collect$$libshutdown$$00000007  c_w.l(libshutdown2.o)
    0x000002f2   0x000002f2   0x00000000   Code   RO          411    .ARM.Collect$$libshutdown$$0000000A  c_w.l(libshutdown2.o)
    0x000002f2   0x000002f2   0x00000000   Code   RO          413    .ARM.Collect$$libshutdown$$0000000C  c_w.l(libshutdown2.o)
    0x000002f2   0x000002f2   0x00000000   Code   RO          416    .ARM.Collect$$libshutdown$$0000000F  c_w.l(libshutdown2.o)
    0x000002f2   0x000002f2   0x00000002   Code   RO          417    .ARM.Collect$$libshutdown$$00000010  c_w.l(libshutdown2.o)
    0x000002f4   0x000002f4   0x00000000   Code   RO          251    .ARM.Collect$$rtentry$$00000000  c_w.l(__rtentry.o)
    0x000002f4   0x000002f4   0x00000000   Code   RO          332    .ARM.Collect$$rtentry$$00000002  c_w.l(__rtentry2.o)
    0x000002f4   0x000002f4   0x00000006   Code   RO          344    .ARM.Collect$$rtentry$$00000004  c_w.l(__rtentry4.o)
    0x000002fa   0x000002fa   0x00000000   Code   RO          334    .ARM.Collect$$rtentry$$00000009  c_w.l(__rtentry2.o)
    0x000002fa   0x000002fa   0x00000004   Code   RO          335    .ARM.Collect$$rtentry$$0000000A  c_w.l(__rtentry2.o)
    0x000002fe   0x000002fe   0x00000000   Code   RO          337    .ARM.Collect$$rtentry$$0000000C  c_w.l(__rtentry2.o)
    0x000002fe   0x000002fe   0x00000008   Code   RO          338    .ARM.Collect$$rtentry$$0000000D  c_w.l(__rtentry2.o)
    0x00000306   0x00000306   0x00000002   Code   RO          392    .ARM.Collect$$rtexit$$00000000  c_w.l(rtexit.o)
    0x00000308   0x00000308   0x00000000   Code   RO          421    .ARM.Collect$$rtexit$$00000002  c_w.l(rtexit2.o)
    0x00000308   0x00000308   0x00000004   Code   RO          422    .ARM.Collect$$rtexit$$00000003  c_w.l(rtexit2.o)
    0x0000030c   0x0000030c   0x00000006   Code   RO          423    .ARM.Collect$$rtexit$$00000004  c_w.l(rtexit2.o)
    0x00000312   0x00000312   0x00000002   PAD
    0x00000314   0x00000314   0x00000000   Code   RO          348    .emb_text           c_w.l(maybetermalloc1.o)
    0x00000314   0x00000314   0x00000054   Code   RO           63    .text               os_1.o
    0x00000368   0x00000368   0x00000118   Code   RO          121  * .text               startup_tm4c123.o
    0x00000480   0x00000480   0x0000005e   Code   RO          187    .text               c_w.l(h1_alloc.o)
    0x000004de   0x000004de   0x0000004e   Code   RO          189    .text               c_w.l(h1_free.o)
    0x0000052c   0x0000052c   0x00000006   Code   RO          245    .text               c_w.l(heapauxi.o)
    0x00000532   0x00000532   0x00000002   PAD
    0x00000534   0x00000534   0x00000008   Code   RO          255    .text               c_w.l(rt_heap_descriptor_intlibspace.o)
    0x0000053c   0x0000053c   0x00000004   Code   RO          257    .text               c_w.l(hguard.o)
    0x00000540   0x00000540   0x0000008a   Code   RO          259    .text               c_w.l(init_alloc.o)
    0x000005ca   0x000005ca   0x0000000e   Code   RO          263    .text               c_w.l(h1_init.o)
    0x000005d8   0x000005d8   0x00000008   Code   RO          328    .text               c_w.l(libspace.o)
    0x000005e0   0x000005e0   0x00000034   Code   RO          350    .text               c_w.l(h1_extend.o)
    0x00000614   0x00000614   0x0000000e   Code   RO          354    .text               c_w.l(defsig_rtmem_outer.o)
    0x00000622   0x00000622   0x00000002   Code   RO          365    .text               c_w.l(use_no_semi.o)
    0x00000624   0x00000624   0x00000000   Code   RO          367    .text               c_w.l(indicate_semi.o)
    0x00000624   0x00000624   0x0000004a   Code   RO          368    .text               c_w.l(sys_stackheap_outer.o)
    0x0000066e   0x0000066e   0x00000012   Code   RO          374    .text               c_w.l(exit.o)
    0x00000680   0x00000680   0x0000000a   Code   RO          376    .text               c_w.l(defsig_exit.o)
    0x0000068a   0x0000068a   0x00000002   PAD
    0x0000068c   0x0000068c   0x00000050   Code   RO          378    .text               c_w.l(defsig_rtmem_inner.o)
    0x000006dc   0x000006dc   0x0000000c   Code   RO          390    .text               c_w.l(sys_exit.o)
    0x000006e8   0x000006e8   0x00000032   Code   RO          400    .text               c_w.l(defsig_general.o)
    0x0000071a   0x0000071a   0x0000000e   Code   RO          418    .text               c_w.l(sys_wrch.o)
    0x00000728   0x00000728   0x00000080   Code   RO            1    i.Add_Thread        os.o
    0x000007a8   0x000007a8   0x00000014   Code   RO            2    i.Dispatcher        os.o
    0x000007bc   0x000007bc   0x0000001e   Code   RO            3    i.OS_Fire           os.o
    0x000007da   0x000007da   0x00000002   PAD
    0x000007dc   0x000007dc   0x00000024   Code   RO            4    i.OS_Init           os.o
    0x00000800   0x00000800   0x00000020   Code   RO            5    i.OS_Suspend        os.o
    0x00000820   0x00000820   0x00000014   Code   RO          128    i.SystemInit        system_tm4c123.o
    0x00000834   0x00000834   0x00000040   Code   RO           67    i.Systick_Fire      systemtick.o
    0x00000874   0x00000874   0x00000028   Code   RO           68    i.Systick_Init      systemtick.o
    0x0000089c   0x0000089c   0x0000001c   Code   RO           85    i.Task1             app.o
    0x000008b8   0x000008b8   0x0000001c   Code   RO           86    i.Task2             app.o
    0x000008d4   0x000008d4   0x0000001c   Code   RO           87    i.Task3             app.o
    0x000008f0   0x000008f0   0x00000034   Code   RO           88    i.main              app.o
    0x00000924   0x00000924   0x0000000a   Code   RO          363    x$fpl$fpinit        fz_wm.l(fpinit.o)
    0x0000092e   0x0000092e   0x00000002   PAD
    0x00000930   0x00000930   0x00000020   Data   RO          448    Region$$Table       anon$$obj.o


    Execution Region ER_RW (Exec base: 0x20000000, Load base: 0x00000950, Size: 0x00000018, Max: 0xffffffff, ABSOLUTE)

    Exec Addr    Load Addr    Size         Type   Attr      Idx    E Section Name        Object

    0x20000000   0x00000950   0x0000000c   Data   RW            7    .data               os.o
    0x2000000c   0x0000095c   0x0000000c   Data   RW           89    .data               app.o


    Execution Region ER_ZI (Exec base: 0x20000018, Load base: 0x00000968, Size: 0x00000a60, Max: 0xffffffff, ABSOLUTE)

    Exec Addr    Load Addr    Size         Type   Attr      Idx    E Section Name        Object

    0x20000018        -       0x00000060   Zero   RW          329    .bss                c_w.l(libspace.o)
    0x20000078        -       0x00000800   Zero   RW          119    HEAP                startup_tm4c123.o
    0x20000878        -       0x00000200   Zero   RW          118    STACK               startup_tm4c123.o


==============================================================================

Image component sizes


      Code (inc. data)   RO Data    RW Data    ZI Data      Debug   Object Name

       136         26          0         12          0       2073   app.o
       246         18          0         12          0       8305   os.o
        84          4          0          0          0        284   os_1.o
       280         28        620          0       2560       5464   startup_tm4c123.o
        20          6          0          0          0        505   system_tm4c123.o
       104         14          0          0          0        958   systemtick.o

    ----------------------------------------------------------------------
       872         96        652         24       2560      17589   Object Totals
         0          0         32          0          0          0   (incl. Generated)
         2          0          0          0          0          0   (incl. Padding)

    ----------------------------------------------------------------------

      Code (inc. data)   RO Data    RW Data    ZI Data      Debug   Library Member Name

         8          0          0          0          0         68   __main.o
         0          0          0          0          0          0   __rtentry.o
        12          0          0          0          0          0   __rtentry2.o
         6          0          0          0          0          0   __rtentry4.o
        52          8          0          0          0          0   __scatter.o
        26          0          0          0          0          0   __scatter_copy.o
        28          0          0          0          0          0   __scatter_zi.o
        10          0          0          0          0         68   defsig_exit.o
        50          0          0          0          0         88   defsig_general.o
        80         58          0          0          0         76   defsig_rtmem_inner.o
        14          0          0          0          0         80   defsig_rtmem_outer.o
        18          0          0          0          0         80   exit.o
        94          0          0          0          0         80   h1_alloc.o
        52          0          0          0          0         68   h1_extend.o
        78          0          0          0          0         80   h1_free.o
        14          0          0          0          0         84   h1_init.o
         6          0          0          0          0        152   heapauxi.o
         4          0          0          0          0        136   hguard.o
         0          0          0          0          0          0   indicate_semi.o
       138          0          0          0          0        168   init_alloc.o
         2          0          0          0          0          0   libinit.o
        14          0          0          0          0          0   libinit2.o
         2          0          0          0          0          0   libshutdown.o
         2          0          0          0          0          0   libshutdown2.o
         8          4          0          0         96         68   libspace.o
         0          0          0          0          0          0   maybetermalloc1.o
         8          4          0          0          0         68   rt_heap_descriptor_intlibspace.o
         2          0          0          0          0          0   rtexit.o
        10          0          0          0          0          0   rtexit2.o
        12          4          0          0          0         68   sys_exit.o
        74          0          0          0          0         80   sys_stackheap_outer.o
        14          0          0          0          0         76   sys_wrch.o
         2          0          0          0          0         68   use_no_semi.o
        10          0          0          0          0        116   fpinit.o

    ----------------------------------------------------------------------
       860         78          0          0         96       1772   Library Totals
        10          0          0          0          0          0   (incl. Padding)

    ----------------------------------------------------------------------

      Code (inc. data)   RO Data    RW Data    ZI Data      Debug   Library Name

       840         78          0          0         96       1656   c_w.l
        10          0          0          0          0        116   fz_wm.l

    ----------------------------------------------------------------------
       860         78          0          0         96       1772   Library Totals

    ----------------------------------------------------------------------

==============================================================================


      Code (inc. data)   RO Data    RW Data    ZI Data      Debug   

      1732        174        652         24       2656      17629   Grand Totals
      1732        174        652         24       2656      17629   ELF Image Totals
      1732        174        652         24          0          0   ROM Totals

==============================================================================

    Total RO  Size (Code + RO Data)                 2384 (   2.33kB)
    Total RW  Size (RW Data + ZI Data)              2680 (   2.62kB)
    Total ROM Size (Code + RO Data + RW Data)       2408 (   2.35kB)

==============================================================================

